C251 COMPILER V5.60.0,  balance_control                                                    18/03/26  15:56:40  PAGE 1   


C251 COMPILER V5.60.0, COMPILATION OF MODULE balance_control
OBJECT MODULE PLACED IN .\out_file\balance_control.obj
COMPILER INVOKED BY: C:\Keil_v5\C251\BIN\C251.EXE balance_control.c LARGE NOALIAS FLOAT64 WARNINGLEVEL(3) OPTIMIZE(SIZE)
                    - BROWSE INCDIR(..\..\libraries\zf_common;..\..\libraries\zf_components;..\..\libraries\zf_device;..\..\libraries\zf_driv
                    -er;..\user;..\code) DEBUG PRINT(.\out_file\balance_control.lst) TABS(2) OBJECT(.\out_file\balance_control.obj) 

stmt  level    source

    1          #include "balance_control.h"


Module Information          Static   Overlayable
------------------------------------------------
  code size            =    ------     ------
  ecode size           =    ------     ------
  data size            =    ------     ------
  idata size           =    ------     ------
  pdata size           =    ------     ------
  xdata size           =    ------     ------
  xdata-const size     =    ------     ------
  edata size           =    ------     ------
  bit size             =    ------     ------
  ebit size            =    ------     ------
  bitaddressable size  =    ------     ------
  ebitaddressable size =    ------     ------
  far data size        =    ------     ------
  huge data size       =    ------     ------
  const size           =    ------     ------
  hconst size          =    ------     ------
End of Module Information.


C251 COMPILATION COMPLETE.  0 WARNING(S),  0 ERROR(S)
