C251 COMPILER V5.60.0,  control                                                            18/03/26  15:56:40  PAGE 1   


C251 COMPILER V5.60.0, COMPILATION OF MODULE control
OBJECT MODULE PLACED IN .\out_file\control.obj
COMPILER INVOKED BY: C:\Keil_v5\C251\BIN\C251.EXE control.c LARGE NOALIAS FLOAT64 WARNINGLEVEL(3) OPTIMIZE(SIZE) BROWSE 
                    -INCDIR(..\..\libraries\zf_common;..\..\libraries\zf_components;..\..\libraries\zf_device;..\..\libraries\zf_driver;..\us
                    -er;..\code) DEBUG PRINT(.\out_file\control.lst) TABS(2) OBJECT(.\out_file\control.obj) 

stmt  level    source

    1          #include "control.h"
    2          #include "Motor.h"
    3          #include "PID.h"
    4          
    5          
    6          //-------------------------------------------------------------------------------------------------------
             -------------
    7          //  函数简介        设计电机引脚，方向，速度
    8          //  参数说明      pwm_channel_enum pin1    gpio_pin_enum pin2    int speed速度设置    uint8 just高电平   
             -uint8 lose低电平
    9          //  返回参数
   10          //  使用示例    speed_set(pwm_channel_enum pin1,gpio_pin_enum pin2,2000,0,1);
   11          //  备注信息     内部调用
   12          //-------------------------------------------------------------------------------------------------------
             -------------
   13          void speed_set(pwm_channel_enum pin1,gpio_pin_enum pin2,int speed,uint8 just,uint8 lose)
   14          {
   15   1          if(speed>0)
   16   1          {
   17   2              pwm_set_duty(pin1,speed);
   18   2              gpio_set_level(pin2,just);
   19   2          }
   20   1          else
   21   1          {
   22   2              pwm_set_duty(pin1,-speed);
   23   2              gpio_set_level(pin2,lose);
   24   2          }
   25   1      }
   26          
   27          
   28          //-------------------------------------------------------------------------------------------------------
             -------------
   29          //  函数简介      电机闭环控制
   30          //  参数说明
   31          //  返回参数
   32          //  使用示例  Motor_Control(int speed_L,int speed_R);
   33          //  备注信息
   34          //-------------------------------------------------------------------------------------------------------
             -------------
   35          
   36          void Motor_Control(int speed_L,int speed_R)
   37          {
   38   1          motor_l.target_speed= speed_L;
   39   1          motor_r.target_speed= speed_R;
   40   1      
   41   1          motor_l.duty=motor_l.duty +PID_Increase(&motor_pid_l,(float)motor_l.encoder_speed,(float)motor_l.targ
             -et_speed);
   42   1          motor_r.duty=motor_r.duty +PID_Increase(&motor_pid_r,(float)motor_r.encoder_speed,(float)motor_r.targ
             -et_speed);
   43   1      
   44   1          speed_set(MotorL_pwm1,MotorL_turn1,motor_r.duty,0,1);
   45   1          speed_set(MotorR_pwm2,MotorR_turn2,motor_l.duty,1,0);
   46   1      }


Module Information          Static   Overlayable
------------------------------------------------
  code size            =       242     ------
C251 COMPILER V5.60.0,  control                                                            18/03/26  15:56:40  PAGE 2   

  ecode size           =    ------     ------
  data size            =    ------     ------
  idata size           =    ------     ------
  pdata size           =    ------     ------
  xdata size           =    ------     ------
  xdata-const size     =    ------     ------
  edata size           =    ------     ------
  bit size             =    ------     ------
  ebit size            =    ------     ------
  bitaddressable size  =    ------     ------
  ebitaddressable size =    ------     ------
  far data size        =    ------     ------
  huge data size       =    ------     ------
  const size           =    ------     ------
  hconst size          =    ------     ------
End of Module Information.


C251 COMPILATION COMPLETE.  0 WARNING(S),  0 ERROR(S)
