C251 COMPILER V5.60.0,  foc                                                                07/03/26  14:50:36  PAGE 1   


C251 COMPILER V5.60.0, COMPILATION OF MODULE foc
OBJECT MODULE PLACED IN .\out_file\foc.obj
COMPILER INVOKED BY: C:\Keil_v5\C251\BIN\C251.EXE foc.c LARGE NOALIAS FLOAT64 WARNINGLEVEL(3) OPTIMIZE(SIZE) BROWSE INCD
                    -IR(..\..\libraries\zf_common;..\..\libraries\zf_components;..\..\libraries\zf_device;..\..\libraries\zf_driver;..\user;.
                    -.\code) DEBUG PRINT(.\out_file\foc.lst) TABS(2) OBJECT(.\out_file\foc.obj) 

stmt  level    source

    1          #include "foc.h"


Module Information          Static   Overlayable
------------------------------------------------
  code size            =    ------     ------
  ecode size           =    ------     ------
  data size            =    ------     ------
  idata size           =    ------     ------
  pdata size           =    ------     ------
  xdata size           =    ------     ------
  xdata-const size     =    ------     ------
  edata size           =    ------     ------
  bit size             =    ------     ------
  ebit size            =    ------     ------
  bitaddressable size  =    ------     ------
  ebitaddressable size =    ------     ------
  far data size        =    ------     ------
  huge data size       =    ------     ------
  const size           =    ------     ------
  hconst size          =    ------     ------
End of Module Information.


C251 COMPILATION COMPLETE.  0 WARNING(S),  0 ERROR(S)
