C251 COMPILER V5.60.0,  Motor                                                              18/03/26  15:56:40  PAGE 1   


C251 COMPILER V5.60.0, COMPILATION OF MODULE Motor
OBJECT MODULE PLACED IN .\out_file\Motor.obj
COMPILER INVOKED BY: C:\Keil_v5\C251\BIN\C251.EXE Motor.c LARGE NOALIAS FLOAT64 WARNINGLEVEL(3) OPTIMIZE(SIZE) BROWSE IN
                    -CDIR(..\..\libraries\zf_common;..\..\libraries\zf_components;..\..\libraries\zf_device;..\..\libraries\zf_driver;..\user
                    -;..\code) DEBUG PRINT(.\out_file\Motor.lst) TABS(2) OBJECT(.\out_file\Motor.obj) 

stmt  level    source

    1          #include "Motor.h"
    2          
    3          motor motor_l;
    4          motor motor_r;
    5          void Motor_Init(void)
    6          {
    7   1          gpio_init(MotorL_turn1, GPO, 1, GPO_PUSH_PULL);
    8   1          pwm_init(MotorL_pwm1,5000,0);
    9   1          gpio_init(MotorR_turn2, GPO, 1, GPO_PUSH_PULL);
   10   1          pwm_init(MotorR_pwm2,5000,0);
   11   1      }
   12          
   13          void MotorL_SetSpeed(int pwm)
   14          {
   15   1          if(pwm>=0)
   16   1          {
   17   2         gpio_set_level(MotorL_turn1,1);
   18   2         pwm_set_duty(MotorL_pwm1,pwm);
   19   2         gpio_set_level(MotorR_turn2,1);
   20   2         pwm_set_duty(MotorR_pwm2,pwm);
   21   2          }
   22   1          else
   23   1          {
   24   2           gpio_set_level(MotorL_turn1,0);
   25   2           pwm_set_duty(MotorL_pwm1,-pwm);
   26   2           gpio_set_level(MotorR_turn2,0);
   27   2           pwm_set_duty(MotorR_pwm2,-pwm);
   28   2          }
   29   1      }
   30          
   31          
   32          //-------------------------------------------------------------------------------------------------------
             -------------
   33          //  函数简介     编码器初始化
   34          //  参数说明
   35          //  返回参数
   36          //  使用示例    Encoder_Init();
   37          //  备注信息
   38          //-------------------------------------------------------------------------------------------------------
             -------------
   39          void Encoder_Init(void)
   40          {
   41   1          //左编码器
   42   1          encoder_dir_init(TIM0_ENCOEDER,IO_P24,TIM0_ENCOEDER_P34);
   43   1      
   44   1          //右编码器
   45   1         encoder_dir_init(TIM3_ENCOEDER,IO_P26,TIM3_ENCOEDER_P04);
   46   1      }
   47          
   48          //-------------------------------------------------------------------------------------------------------
             -------------
   49          //  函数简介     编码器数据获取
   50          //  参数说明
   51          //  返回参数
   52          //  使用示例   Encoder_data_get();
   53          //  备注信息
   54          //-------------------------------------------------------------------------------------------------------
C251 COMPILER V5.60.0,  Motor                                                              18/03/26  15:56:40  PAGE 2   

             -------------
   55          void Encoder_data_get(void)
   56          {
   57   1      motor_l.encoder_raw=encoder_get_count(TIM0_ENCOEDER);
   58   1      motor_l.encoder_speed=motor_l.encoder_speed*0.2+motor_l.encoder_raw*0.8;  //左编码器速度
   59   1      motor_l.total_encoder+=motor_l.encoder_raw;                             //记录路程
   60   1      encoder_clear_count(TIM0_ENCOEDER);
   61   1      
   62   1      motor_r.encoder_raw=encoder_get_count(TIM3_ENCOEDER);
   63   1      motor_r.encoder_speed=motor_r.encoder_speed*0.2+motor_r.encoder_raw*0.8;  //右编码器速度
   64   1      motor_r.total_encoder+=motor_r.encoder_raw;
   65   1      encoder_clear_count(TIM3_ENCOEDER);
   66   1      }
   67          


Module Information          Static   Overlayable
------------------------------------------------
  code size            =       452     ------
  ecode size           =    ------     ------
  data size            =    ------     ------
  idata size           =    ------     ------
  pdata size           =    ------     ------
  xdata size           =        24     ------
  xdata-const size     =    ------     ------
  edata size           =    ------     ------
  bit size             =    ------     ------
  ebit size            =    ------     ------
  bitaddressable size  =    ------     ------
  ebitaddressable size =    ------     ------
  far data size        =    ------     ------
  huge data size       =    ------     ------
  const size           =    ------     ------
  hconst size          =    ------     ------
End of Module Information.


C251 COMPILATION COMPLETE.  0 WARNING(S),  0 ERROR(S)
